// Jest Snapshot v1, https://goo.gl/fbAQLP

exports[`renders the component 1`] = `
<div
  className="App"
>
  <header
    className="App-header"
  >
    <img
      alt="logo"
      className="App-logo"
      src="logo.svg"
    />
    <div>
      <Alert
        message="Success Text"
        type="success"
      />
      <Button
        block={false}
        ghost={false}
        htmlType="button"
        loading={false}
        type="primary"
      >
        Button Ant Design
      </Button>
    </div>
  </header>
</div>
`;
